// Jest Snapshot v1, https://goo.gl/fbAQLP

exports[`Film should render correctly 1`] = `
<div>
  <section
    class="movie-card movie-card--full"
    style="background: rgb(255, 255, 255);"
  >
    <div
      class="movie-card__hero"
    >
      <div
        class="movie-card__bg"
      >
        <img
          alt="Bohemian Rhapsody"
          src="img/bg-the-grand-budapest-hotel.jpg"
        />
      </div>
      <h1
        class="visually-hidden"
      >
        WTW
      </h1>
      <header
        class="page-header movie-card__head"
      >
        <div
          class="logo"
        >
          <a
            class="logo__link"
            href="/"
          >
            <span
              class="logo__letter logo__letter--1"
            >
              W
            </span>
            <span
              class="logo__letter logo__letter--2"
            >
              T
            </span>
            <span
              class="logo__letter logo__letter--3"
            >
              W
            </span>
          </a>
        </div>
        <div
          class="user-block"
        >
          <a
            class="user-block__link"
            href="/login"
          >
            Sign in
          </a>
        </div>
      </header>
      <div
        class="movie-card__wrap"
      >
        <div
          class="movie-card__desc"
        >
          <h2
            class="movie-card__title"
          >
            Bohemian Rhapsody
          </h2>
          <p
            class="movie-card__meta"
          >
            <span
              class="movie-card__genre"
            >
              Drama
              Biography
            </span>
            <span
              class="movie-card__year"
            >
              2018
            </span>
          </p>
          <div
            class="movie-card__buttons"
          >
            <button
              class="btn btn--play movie-card__button"
              type="button"
            >
              <svg
                height="19"
                viewBox="0 0 19 19"
                width="19"
              >
                <use
                  xlink:href="#play-s"
                />
              </svg>
              <span>
                Play
              </span>
            </button>
            <button
              class="btn btn--list movie-card__button"
              type="button"
            >
              <svg
                height="20"
                viewBox="0 0 19 20"
                width="19"
              >
                <use
                  xlink:href="#add"
                />
              </svg>
              <span>
                My list
              </span>
            </button>
          </div>
        </div>
      </div>
    </div>
    <div
      class="movie-card__wrap movie-card__translate-top"
    >
      <div
        class="movie-card__info"
      >
        <div
          class="movie-card__poster movie-card__poster--big"
        >
          <img
            alt="Bohemian Rhapsody poster"
            height="327"
            src="img/the-grand-budapest-hotel-poster.jpg"
            width="218"
          />
        </div>
        <div
          class="movie-card__desc"
        >
          <nav
            class="movie-nav movie-card__nav"
          >
            <ul
              class="movie-nav__list"
            >
              <li
                class="movie-nav__item movie-nav__item--active"
              >
                <a
                  class="movie-nav__link"
                  data-testid="Overview"
                  data-value="Overview"
                  href="#"
                >
                  Overview
                </a>
              </li>
              <li
                class="movie-nav__item "
              >
                <a
                  class="movie-nav__link"
                  data-testid="Details"
                  data-value="Details"
                  href="#"
                >
                  Details
                </a>
              </li>
              <li
                class="movie-nav__item "
              >
                <a
                  class="movie-nav__link"
                  data-testid="Reviews"
                  data-value="Reviews"
                  href="#"
                >
                  Reviews
                </a>
              </li>
            </ul>
          </nav>
          <div
            class="movie-rating"
          >
            <div
              class="movie-rating__score"
            >
              8.5
            </div>
            <p
              class="movie-rating__meta"
            >
              <span
                class="movie-rating__level"
              >
                Very good
              </span>
              <span
                class="movie-rating__count"
              >
                240
                 ratings
              </span>
            </p>
          </div>
          <div
            class="movie-card__text"
          >
            <p>
              Freddie Mercury -- the lead singer of Queen -- defies stereotypes and convention to become one of history's most beloved entertainers.
            </p>
            <p
              class="movie-card__director"
            >
              <strong>
                Director: 
                Bryan Singer
              </strong>
            </p>
            <p
              class="movie-card__starring"
            >
              <strong>
                Starring: 
                Rami Malek, Lucy Boynton, Gwilym Lee
                 and other
              </strong>
            </p>
          </div>
        </div>
      </div>
    </div>
  </section>
  <div
    class="page-content"
  >
    <section
      class="catalog catalog--like-this"
    >
      <h2
        class="catalog__title"
      >
        More like this
      </h2>
      <div
        class="catalog__movies-list"
      >
        <article
          class="small-movie-card catalog__movies-card"
        >
          <a
            class="small-movie-card__link"
            href="/films/3"
          >
            <div
              class="small-movie-card__image"
            >
              <img
                alt="Macbeth"
                height="175"
                src="img/macbeth.jpg"
                width="280"
              />
            </div>
            <h3
              class="small-movie-card__title"
            >
              Macbeth
            </h3>
          </a>
        </article>
      </div>
    </section>
    <footer
      class="page-footer"
    >
      <div
        class="logo"
      >
        <a
          class="logo__link logo__link--light"
          href="/"
        >
          <span
            class="logo__letter logo__letter--1"
          >
            W
          </span>
          <span
            class="logo__letter logo__letter--2"
          >
            T
          </span>
          <span
            class="logo__letter logo__letter--3"
          >
            W
          </span>
        </a>
      </div>
      <div
        class="copyright"
      >
        <p>
          Â© 2019 What to watch Ltd.
        </p>
      </div>
    </footer>
  </div>
</div>
`;
