// Jest Snapshot v1, https://goo.gl/fbAQLP

exports[`ServerErrorScreen should render correctly 1`] = `
<div>
  <p>
    Sorry, the server is temporarily unavailable
  </p>
</div>
`;
