// Jest Snapshot v1, https://goo.gl/fbAQLP

exports[`NotFoundPage should render correctly 1`] = `
<div>
  <h1>
    404. Page not found
  </h1>
  <a
    href="/"
  >
    Вернуться на главную
  </a>
</div>
`;
