// Jest Snapshot v1, https://goo.gl/fbAQLP

exports[`ReviewTextarea should render correctly 1`] = `
<div>
  <textarea
    class="add-review__textarea"
    data-testid="review-textarea"
    id="review-text"
    maxlength="400"
    minlength="50"
    name="review-text"
    placeholder="Review text"
  />
</div>
`;
