// Jest Snapshot v1, https://goo.gl/fbAQLP

exports[`MyList should render correctly 1`] = `
<div>
  <div
    class="user-page"
  >
    <header
      class="page-header user-page__head"
    >
      <div
        class="logo"
      >
        <a
          class="logo__link"
          href="/"
        >
          <span
            class="logo__letter logo__letter--1"
          >
            W
          </span>
          <span
            class="logo__letter logo__letter--2"
          >
            T
          </span>
          <span
            class="logo__letter logo__letter--3"
          >
            W
          </span>
        </a>
      </div>
      <h1
        class="page-title user-page__title"
      >
        My list
      </h1>
      <div
        class="user-block"
      >
        <a
          href="/mylist"
        >
          <div
            class="user-block__avatar"
          >
            <img
              alt="User avatar"
              height="63"
              src="keks.jpeg"
              width="63"
            />
          </div>
        </a>
      </div>
    </header>
    <section
      class="catalog"
    >
      <h2
        class="catalog__title visually-hidden"
      >
        Catalog
      </h2>
      <div
        class="catalog__movies-list"
      >
        <article
          class="small-movie-card catalog__movies-card"
        >
          <a
            class="small-movie-card__link"
            href="/films/1"
          >
            <div
              class="small-movie-card__image"
            >
              <img
                alt="The Grand Budapest Hotel"
                height="175"
                src="img/the-grand-budapest-hotel-poster.jpg"
                width="280"
              />
            </div>
            <h3
              class="small-movie-card__title"
            >
              The Grand Budapest Hotel
            </h3>
          </a>
        </article>
        <article
          class="small-movie-card catalog__movies-card"
        >
          <a
            class="small-movie-card__link"
            href="/films/2"
          >
            <div
              class="small-movie-card__image"
            >
              <img
                alt="Bohemian Rhapsody"
                height="175"
                src="img/bohemian-rhapsody.jpg"
                width="280"
              />
            </div>
            <h3
              class="small-movie-card__title"
            >
              Bohemian Rhapsody
            </h3>
          </a>
        </article>
        <article
          class="small-movie-card catalog__movies-card"
        >
          <a
            class="small-movie-card__link"
            href="/films/3"
          >
            <div
              class="small-movie-card__image"
            >
              <img
                alt="Macbeth"
                height="175"
                src="img/macbeth.jpg"
                width="280"
              />
            </div>
            <h3
              class="small-movie-card__title"
            >
              Macbeth
            </h3>
          </a>
        </article>
      </div>
    </section>
    <footer
      class="page-footer"
    >
      <div
        class="logo"
      >
        <a
          class="logo__link logo__link--light"
          href="/"
        >
          <span
            class="logo__letter logo__letter--1"
          >
            W
          </span>
          <span
            class="logo__letter logo__letter--2"
          >
            T
          </span>
          <span
            class="logo__letter logo__letter--3"
          >
            W
          </span>
        </a>
      </div>
      <div
        class="copyright"
      >
        <p>
          Â© 2019 What to watch Ltd.
        </p>
      </div>
    </footer>
  </div>
</div>
`;
