// Jest Snapshot v1, https://goo.gl/fbAQLP

exports[`MovieReviews should render correctly 1`] = `
<div>
  
  
  <div
    class="movie-card__reviews movie-card__row"
  >
    <div
      class="movie-card__reviews-col"
    >
      <div
        class="review"
      >
        <blockquote
          class="review__quote"
        >
          <p
            class="review__text"
          >
            Discerning travellers and Wes Anderson fans will luxuriate in the glorious Mittel-European kitsch of one of the director's funniest and most exquisitely designed movies in years.
          </p>
          <footer
            class="review__details"
          >
            <cite
              class="review__author"
            >
              Kate Fogler
            </cite>
            <time
              class="review__date"
              datetime="2019-05-08"
            >
              May 8, 2019
            </time>
          </footer>
        </blockquote>
        <div
          class="review__rating"
        >
          9
        </div>
      </div>
      <div
        class="review"
      >
        <blockquote
          class="review__quote"
        >
          <p
            class="review__text"
          >
            Anderson's films are too precious for some, but for those of us willing to lose ourselves in them, they're a delight. "The Grand Budapest Hotel" is no different, except that he has added a hint of gravitas to the mix, improving the recipe.
          </p>
          <footer
            class="review__details"
          >
            <cite
              class="review__author"
            >
              Kate Muir
            </cite>
            <time
              class="review__date"
              datetime="2019-05-08"
            >
              May 8, 2019
            </time>
          </footer>
        </blockquote>
        <div
          class="review__rating"
        >
          6
        </div>
      </div>
    </div>
    <div
      class="movie-card__reviews-col"
    >
      <div
        class="review"
      >
        <blockquote
          class="review__quote"
        >
          <p
            class="review__text"
          >
            I didn't find it amusing, and while I can appreciate the creativity, it's an hour and 40 minutes I wish I could take back.
          </p>
          <footer
            class="review__details"
          >
            <cite
              class="review__author"
            >
              Kate Hidi
            </cite>
            <time
              class="review__date"
              datetime="2019-05-08"
            >
              May 8, 2019
            </time>
          </footer>
        </blockquote>
        <div
          class="review__rating"
        >
          2
        </div>
      </div>
      <div
        class="review"
      >
        <blockquote
          class="review__quote"
        >
          <p
            class="review__text"
          >
            The mannered, madcap proceedings are often delightful, occasionally silly, and here and there, gruesome and/or heartbreaking.
          </p>
          <footer
            class="review__details"
          >
            <cite
              class="review__author"
            >
              Kate Snow
            </cite>
            <time
              class="review__date"
              datetime="2019-05-08"
            >
              May 8, 2019
            </time>
          </footer>
        </blockquote>
        <div
          class="review__rating"
        >
          4
        </div>
      </div>
    </div>
  </div>
</div>
`;
