// Jest Snapshot v1, https://goo.gl/fbAQLP

exports[`MoviesList should render correctly 1`] = `
<div>
  <div
    class="catalog__movies-list"
  >
    <article
      class="small-movie-card catalog__movies-card"
    >
      <a
        class="small-movie-card__link"
        href="/films/1"
      >
        <div
          class="small-movie-card__image"
        >
          <img
            alt="The Grand Budapest Hotel"
            height="175"
            src="img/the-grand-budapest-hotel-poster.jpg"
            width="280"
          />
        </div>
        <h3
          class="small-movie-card__title"
        >
          The Grand Budapest Hotel
        </h3>
      </a>
    </article>
    <article
      class="small-movie-card catalog__movies-card"
    >
      <a
        class="small-movie-card__link"
        href="/films/2"
      >
        <div
          class="small-movie-card__image"
        >
          <img
            alt="Bohemian Rhapsody"
            height="175"
            src="img/bohemian-rhapsody.jpg"
            width="280"
          />
        </div>
        <h3
          class="small-movie-card__title"
        >
          Bohemian Rhapsody
        </h3>
      </a>
    </article>
    <article
      class="small-movie-card catalog__movies-card"
    >
      <a
        class="small-movie-card__link"
        href="/films/3"
      >
        <div
          class="small-movie-card__image"
        >
          <img
            alt="Macbeth"
            height="175"
            src="img/macbeth.jpg"
            width="280"
          />
        </div>
        <h3
          class="small-movie-card__title"
        >
          Macbeth
        </h3>
      </a>
    </article>
  </div>
</div>
`;
