// Jest Snapshot v1, https://goo.gl/fbAQLP

exports[`Main should render correctly 1`] = `
<div>
  <section
    class="movie-card"
    style="background: rgb(255, 255, 255);"
  >
    <div
      class="movie-card__bg"
    >
      <img
        alt="The Grand Budapest Hotel"
        src="img/bg-the-grand-budapest-hotel.jpg"
      />
    </div>
    <h1
      class="visually-hidden"
    >
      WTW
    </h1>
    <header
      class="page-header movie-card__head"
    >
      <div
        class="logo"
      >
        <a
          class="logo__link"
          href="/"
        >
          <span
            class="logo__letter logo__letter--1"
          >
            W
          </span>
          <span
            class="logo__letter logo__letter--2"
          >
            T
          </span>
          <span
            class="logo__letter logo__letter--3"
          >
            W
          </span>
        </a>
      </div>
      <div
        class="user-block"
      >
        <a
          class="user-block__link"
          href="/login"
        >
          Sign in
        </a>
      </div>
    </header>
    <div
      class="movie-card__wrap"
    >
      <div
        class="movie-card__info"
      >
        <a
          href="/films/1"
        >
          <div
            class="movie-card__poster"
          >
            <img
              alt="The Grand Budapest Hotel poster"
              height="327"
              src="img/the-grand-budapest-hotel-poster.jpg"
              width="218"
            />
          </div>
        </a>
        <div
          class="movie-card__desc"
        >
          <h2
            class="movie-card__title"
          >
            The Grand Budapest Hotel
          </h2>
          <p
            class="movie-card__meta"
          >
            <span
              class="movie-card__genre"
            >
              Comedy
            </span>
            <span
              class="movie-card__year"
            >
              2014
            </span>
          </p>
          <div
            class="movie-card__buttons"
          >
            <button
              class="btn btn--play movie-card__button"
              type="button"
            >
              <svg
                height="19"
                viewBox="0 0 19 19"
                width="19"
              >
                <use
                  xlink:href="#play-s"
                />
              </svg>
              <span>
                Play
              </span>
            </button>
            <button
              class="btn btn--list movie-card__button"
              type="button"
            >
              <svg
                height="20"
                viewBox="0 0 19 20"
                width="19"
              >
                <use
                  xlink:href="#add"
                />
              </svg>
              <span>
                My list
              </span>
            </button>
          </div>
        </div>
      </div>
    </div>
  </section>
  <div
    class="page-content"
  >
    <section
      class="catalog"
    >
      <h2
        class="catalog__title visually-hidden"
      >
        Catalog
      </h2>
      <ul
        class="catalog__genres-list"
      >
        <li
          class="catalog__genres-item catalog__genres-item--active"
        >
          <a
            class="catalog__genres-link"
            href="#"
          >
            All genres
          </a>
        </li>
        <li
          class="catalog__genres-item "
        >
          <a
            class="catalog__genres-link"
            href="#"
          >
            Comedy
          </a>
        </li>
        <li
          class="catalog__genres-item "
        >
          <a
            class="catalog__genres-link"
            href="#"
          >
            Drama
          </a>
        </li>
        <li
          class="catalog__genres-item "
        >
          <a
            class="catalog__genres-link"
            href="#"
          >
            Biography
          </a>
        </li>
      </ul>
      <div
        class="catalog__movies-list"
      >
        <article
          class="small-movie-card catalog__movies-card"
        >
          <a
            class="small-movie-card__link"
            href="/films/1"
          >
            <div
              class="small-movie-card__image"
            >
              <img
                alt="The Grand Budapest Hotel"
                height="175"
                src="img/the-grand-budapest-hotel-poster.jpg"
                width="280"
              />
            </div>
            <h3
              class="small-movie-card__title"
            >
              The Grand Budapest Hotel
            </h3>
          </a>
        </article>
        <article
          class="small-movie-card catalog__movies-card"
        >
          <a
            class="small-movie-card__link"
            href="/films/2"
          >
            <div
              class="small-movie-card__image"
            >
              <img
                alt="Bohemian Rhapsody"
                height="175"
                src="img/bohemian-rhapsody.jpg"
                width="280"
              />
            </div>
            <h3
              class="small-movie-card__title"
            >
              Bohemian Rhapsody
            </h3>
          </a>
        </article>
        <article
          class="small-movie-card catalog__movies-card"
        >
          <a
            class="small-movie-card__link"
            href="/films/3"
          >
            <div
              class="small-movie-card__image"
            >
              <img
                alt="Macbeth"
                height="175"
                src="img/macbeth.jpg"
                width="280"
              />
            </div>
            <h3
              class="small-movie-card__title"
            >
              Macbeth
            </h3>
          </a>
        </article>
      </div>
      
    </section>
    <footer
      class="page-footer"
    >
      <div
        class="logo"
      >
        <a
          class="logo__link logo__link--light"
          href="/"
        >
          <span
            class="logo__letter logo__letter--1"
          >
            W
          </span>
          <span
            class="logo__letter logo__letter--2"
          >
            T
          </span>
          <span
            class="logo__letter logo__letter--3"
          >
            W
          </span>
        </a>
      </div>
      <div
        class="copyright"
      >
        <p>
          Â© 2019 What to watch Ltd.
        </p>
      </div>
    </footer>
  </div>
</div>
`;
